C51 COMPILER V9.53.0.0   ASSERT                                                            12/27/2017 17:49:03 PAGE 1   


C51 COMPILER V9.53.0.0, COMPILATION OF MODULE ASSERT
OBJECT MODULE PLACED IN .\lib\efm8_assert\assert.OBJ
COMPILER INVOKED BY: c:\SiliconLabs\SimplicityStudio\v4\developer\toolchains\keil_8051\9.53\BIN\C51.exe D:\WorkSpace\MyC
                    -ode\SILICON_WORKSPACE\GE_EFM8LB12F64E-B-QFN32_YJ\lib\efm8_assert\assert.c OMF2 LARGE DEBUG OBJECTEXTEND ROM(LARGE) WARNI
                    -NGLEVEL(2) FLOATFUZZY(3) OPTIMIZE(8,SPEED) DEFINE(DEBUG=1) INTVECTOR(0X0000) BROWSE INTPROMOTE INCDIR(D:\WorkSpace\MyCod
                    -e\SILICON_WORKSPACE\GE_EFM8LB12F64E-B-QFN32_YJ\inc;C:/SiliconLabs/SimplicityStudio/v4/developer/sdks/8051/v4.1.1//Device
                    -/shared/si8051base;C:/SiliconLabs/SimplicityStudio/v4/developer/sdks/8051/v4.1.1//Device/EFM8LB1/inc;C:/SiliconLabs/Simp
                    -licityStudio/v4/developer/sdks/8051/v4.1.1//Lib/efm8_assert;C:/SiliconLabs/SimplicityStudio/v4/developer/sdks/8051/v4.1.
                    -1//Device/EFM8LB1/peripheral_driver/inc) PRINT(.\lib\efm8_assert\assert.lst) COND CODE PAGEWIDTH(120) PAGELENGTH(65) OBJ
                    -ECT(.\lib\efm8_assert\assert.OBJ)

line level    source

   1          /**************************************************************************//**
   2           * Copyright (c) 2015 by Silicon Laboratories Inc. All rights reserved.
   3           *
   4           * http://developer.silabs.com/legal/version/v11/Silicon_Labs_Software_License_Agreement.txt
   5           *****************************************************************************/
   6             
   7          #ifndef NDEBUG
   8          void slab_Assert()
   9          {
  10   1        while ( 1 );
  11   1      }
  12          #endif
C51 COMPILER V9.53.0.0   ASSERT                                                            12/27/2017 17:49:03 PAGE 2   

ASSEMBLY LISTING OF GENERATED OBJECT CODE


             ; FUNCTION slab_Assert (BEGIN)
                                           ; SOURCE LINE # 8
                                           ; SOURCE LINE # 9
0000         ?C0001:
                                           ; SOURCE LINE # 10
0000 80FE              SJMP    ?C0001
             ; FUNCTION slab_Assert (END)



MODULE INFORMATION:   STATIC OVERLAYABLE
   CODE SIZE        =      2    ----
   CONSTANT SIZE    =   ----    ----
   XDATA SIZE       =   ----    ----
   PDATA SIZE       =   ----    ----
   DATA SIZE        =   ----    ----
   IDATA SIZE       =   ----    ----
   BIT SIZE         =   ----    ----
   EDATA SIZE       =   ----    ----
   HDATA SIZE       =   ----    ----
   XDATA CONST SIZE =   ----    ----
   FAR CONST SIZE   =   ----    ----
END OF MODULE INFORMATION.


C51 COMPILATION COMPLETE.  0 WARNING(S),  0 ERROR(S)
