AX51 MACRO ASSEMBLER  SILABS_STARTUP                                                        01/24/18 14:15:48 PAGE     1


MACRO ASSEMBLER AX51 V3.12.0.0
OBJECT MODULE PLACED IN .\src\SILABS_STARTUP.OBJ
ASSEMBLER INVOKED BY: c:\SiliconLabs\SimplicityStudio\v4\developer\toolchains\keil_8051\9.53\BIN\AX51.exe D:\WorkSpace\M
                      yCode\GE_EFM8LB12F64E-B-QFN32_YJ\GE_EFM8LB12F64E-B-QFN32_YJ\src\SILABS_STARTUP.A51 ERRORPRINT SET(
                      LARGE,SILABS_STARTUP=1) DEBUG MACRO NOMOD51 INCDIR(D:\WorkSpace\MyCode\GE_EFM8LB12F64E-B-QFN32_YJ\
                      GE_EFM8LB12F64E-B-QFN32_YJ\inc;C:/SiliconLabs/SimplicityStudio/v4/developer/sdks/8051/v4.1.1//Devi
                      ce/shared/si8051base;C:/SiliconLabs/SimplicityStudio/v4/developer/sdks/8051/v4.1.1//Device/EFM8LB1
                      /inc) PRINT(.\src\SILABS_STARTUP.lst) COND SYMBOLS PAGEWIDTH(120) PAGELENGTH(65) OBJECT(.\src\SILABS_STARTUP.OBJ) 

LOC    OBJ             LINE     SOURCE

                          1     $nomod51 
                          2     
 0080                     3     IDATALEN        EQU     80H
                          4     
 0000                     5     XDATASTART      EQU     0     
                          6     
 0000                     7     XDATALEN        EQU     0      
                          8     
 0000                     9     PDATASTART      EQU     0H
                         10     
 0000                    11     PDATALEN        EQU     0H
                         12     
 0000                    13     IBPSTACK        EQU     0       
                         14     
 0100                    15     IBPSTACKTOP     EQU     0xFF +1       
                         16     
 0000                    17     XBPSTACK        EQU     0       
 00010000                18     XBPSTACKTOP     EQU     0xFFFF +1    
                         19     
 0000                    20     PBPSTACK        EQU     0       
                         21     
 0100                    22     PBPSTACKTOP     EQU     0xFF +1       
                         23     
 0000                    24     PPAGEENABLE     EQU     0       
                         25     
 0000                    26     PPAGE           EQU     0
                         27     
 00A0                    28     PPAGE_SFR       DATA    0A0H
 00E0                    29     ACC     DATA    0E0H
 00F0                    30     B       DATA    0F0H
 0081                    31     SP      DATA    81H
 0082                    32     DPL     DATA    82H
 0083                    33     DPH     DATA    83H
                         34     
                         35                     NAME    ?C_STARTUP
                         36     
                         37     
------                   38     ?C_C51STARTUP   SEGMENT   CODE
------                   39     ?STACK          SEGMENT   IDATA
                         40     
------                   41                     RSEG    ?STACK
000000                   42                     DS      1
                         43     
                         44                     EXTRN CODE (?C_START)
                         45                     PUBLIC  ?C_STARTUP
                         46     
000000                   47                     CSEG    AT      0
000000 020000     F      48     ?C_STARTUP:     LJMP    STARTUP1
                         49     
------                   50                     RSEG    ?C_C51STARTUP
AX51 MACRO ASSEMBLER  SILABS_STARTUP                                                        01/24/18 14:15:48 PAGE     2

                         51     
000000                   52     STARTUP1:
                         53     
                         54     $if  (SILABS_STARTUP = 1)
                         55     EXTRN   CODE (SiLabs_Startup)
000000 120000     E      56                     LCALL   SiLabs_Startup
                         57     $endif 
                         58     
                         59     IF IDATALEN <> 0
000003 787F              60                     MOV     R0,#IDATALEN - 1
000005 E4                61                     CLR     A
000006 F6                62     IDATALOOP:      MOV     @R0,A
000007 D8FD              63                     DJNZ    R0,IDATALOOP
                         64     ENDIF
                         65     
                         66     IF XDATALEN <> 0
                                                MOV     DPTR,#XDATASTART
                                                MOV     R7,#LOW (XDATALEN)
                                  IF (LOW (XDATALEN)) <> 0
                                                MOV     R6,#(HIGH (XDATALEN)) +1
                                  ELSE
                                                MOV     R6,#HIGH (XDATALEN)
                                  ENDIF
                                                CLR     A
                                XDATALOOP:      MOVX    @DPTR,A
                                                INC     DPTR
                                                DJNZ    R7,XDATALOOP
                                                DJNZ    R6,XDATALOOP
                                ENDIF
                         80     
                         81     IF PPAGEENABLE <> 0
                                                MOV     PPAGE_SFR,#PPAGE
                                ENDIF
                         84     
                         85     IF PDATALEN <> 0
                                                MOV     R0,#LOW (PDATASTART)
                                                MOV     R7,#LOW (PDATALEN)
                                                CLR     A
                                PDATALOOP:      MOVX    @R0,A
                                                INC     R0
                                                DJNZ    R7,PDATALOOP
                                ENDIF
                         93     
                         94     IF IBPSTACK <> 0
                                EXTRN DATA (?C_IBP)
                                
                                                MOV     ?C_IBP,#LOW IBPSTACKTOP
                                ENDIF
                         99     
                        100     IF XBPSTACK <> 0
                                EXTRN DATA (?C_XBP)
                                
                                                MOV     ?C_XBP,#HIGH XBPSTACKTOP
                                                MOV     ?C_XBP+1,#LOW XBPSTACKTOP
                                ENDIF
                        106     
                        107     IF PBPSTACK <> 0
                                EXTRN DATA (?C_PBP)
                                                MOV     ?C_PBP,#LOW PBPSTACKTOP
                                ENDIF
                        111     
000009 758100     F     112                     MOV     SP,#?STACK-1
                        113     
AX51 MACRO ASSEMBLER  SILABS_STARTUP                                                        01/24/18 14:15:48 PAGE     3

                        114     $if  (USE_BANKING = 1)      
                                
                                EXTRN CODE (?B_SWITCH0)
                                                CALL    ?B_SWITCH0      
                                $endif 
                        119     
00000C 020000     E     120                     LJMP    ?C_START
                        121     
                        122                     END
AX51 MACRO ASSEMBLER  SILABS_STARTUP                                                        01/24/18 14:15:48 PAGE     4

SYMBOL TABLE LISTING
------ ----- -------


N A M E                               T Y P E  V A L U E     ATTRIBUTES

?C_C51STARTUP. . . . . . . . . . . .  C  SEG   00000FH       REL=UNIT, ALN=BYTE
?C_START . . . . . . . . . . . . . .  C  ADDR  -------       EXT
?C_STARTUP . . . . . . . . . . . . .  C  ADDR  0000H     R   SEG=?CO?SILABS_STARTUP?3
?STACK . . . . . . . . . . . . . . .  I  SEG   000001H       REL=UNIT, ALN=BYTE
ACC. . . . . . . . . . . . . . . . .  D  ADDR  00E0H     A   
B. . . . . . . . . . . . . . . . . .  D  ADDR  00F0H     A   
DPH. . . . . . . . . . . . . . . . .  D  ADDR  0083H     A   
DPL. . . . . . . . . . . . . . . . .  D  ADDR  0082H     A   
IBPSTACK . . . . . . . . . . . . . .  N  NUMB  0000H     A   
IBPSTACKTOP. . . . . . . . . . . . .  N  NUMB  0100H     A   
IDATALEN . . . . . . . . . . . . . .  N  NUMB  0080H     A   
IDATALOOP. . . . . . . . . . . . . .  C  ADDR  0006H     R   SEG=?C_C51STARTUP
PBPSTACK . . . . . . . . . . . . . .  N  NUMB  0000H     A   
PBPSTACKTOP. . . . . . . . . . . . .  N  NUMB  0100H     A   
PDATALEN . . . . . . . . . . . . . .  N  NUMB  0000H     A   
PDATASTART . . . . . . . . . . . . .  N  NUMB  0000H     A   
PPAGE. . . . . . . . . . . . . . . .  N  NUMB  0000H     A   
PPAGE_SFR. . . . . . . . . . . . . .  D  ADDR  00A0H     A   
PPAGEENABLE. . . . . . . . . . . . .  N  NUMB  0000H     A   
SILABS_STARTUP . . . . . . . . . . .  C  ADDR  -------       EXT
SP . . . . . . . . . . . . . . . . .  D  ADDR  0081H     A   
STARTUP1 . . . . . . . . . . . . . .  C  ADDR  0000H     R   SEG=?C_C51STARTUP
XBPSTACK . . . . . . . . . . . . . .  N  NUMB  0000H     A   
XBPSTACKTOP. . . . . . . . . . . . .  N  NUMB  00010000H A   
XDATALEN . . . . . . . . . . . . . .  N  NUMB  0000H     A   
XDATASTART . . . . . . . . . . . . .  N  NUMB  0000H     A   


REGISTER BANK(S) USED: 0 


ASSEMBLY COMPLETE.  0 WARNING(S), 0 ERROR(S).
